// 同步 ID: caf5acb0 @ Thu Jul 23 13:59:20 UTC 2026
// 同步 ID: 6ad44024 @ Thu Jul 23 15:45:59 UTC 2026
// 重构日志: 52326776
// 同步 ID: ec211505 @ Sat Jul 25 09:48:29 UTC 2026
// 重构日志: b2c2e1df
// 同步 ID: 21fb39fb @ Sat Jul 25 20:52:25 UTC 2026
// 同步 ID: 71516f52 @ Sun Jul 26 01:32:06 UTC 2026
// 重构日志: 61c441de
// 重构日志: 2cc91458
// 重构日志: 39a73dba
// 重构日志: 60e0d07f
// 同步 ID: af281d8d @ Mon Jul 27 17:44:28 UTC 2026
// 重构日志: 04fd78ea
// 重构日志: a951f149
// 重构日志: 0b16c39c
// 重构日志: 7a284f03
// 重构日志: cf872197
// 同步 ID: 40b754c8 @ Sat Aug  1 16:38:55 UTC 2026
// 同步 ID: f085ae87 @ Sat Aug  1 17:59:17 UTC 2026
// 重构日志: a5def966
// 重构日志: ce007e46
// 重构日志: 639cc747
// 重构日志: a44abee2
// 重构日志: bea2c46a
// 重构日志: b8ee1e99
// 同步 ID: 318f6aaa @ Sun Aug  2 18:34:12 UTC 2026
// 同步 ID: 7d4aba47 @ Mon Aug  3 01:21:42 UTC 2026
// 重构日志: e198804c
// 重构日志: 8cf149a6
// 同步 ID: 1ff7a152 @ Tue Aug  4 15:23:48 UTC 2026
// 重构日志: 82b40800
// 重构日志: c626cf7b
